// Vitest Snapshot v1, https://vitest.dev/guide/snapshot.html

exports[`Home page > renders products 1`] = `
<div>
  <header
    class="css-139h64c"
  >
    <a
      href="/"
    >
      <p>
        Logo
      </p>
    </a>
    <a
      href="/cart"
    >
      <svg
        aria-hidden="true"
        class="MuiSvgIcon-root MuiSvgIcon-fontSizeMedium css-i4bv87-MuiSvgIcon-root"
        data-testid="ShoppingCartIcon"
        focusable="false"
        viewBox="0 0 24 24"
      >
        <path
          d="M7 18c-1.1 0-1.99.9-1.99 2S5.9 22 7 22s2-.9 2-2-.9-2-2-2M1 2v2h2l3.6 7.59-1.35 2.45c-.16.28-.25.61-.25.96 0 1.1.9 2 2 2h12v-2H7.42c-.14 0-.25-.11-.25-.25l.03-.12.9-1.63h7.45c.75 0 1.41-.41 1.75-1.03l3.58-6.49c.08-.14.12-.31.12-.48 0-.55-.45-1-1-1H5.21l-.94-2zm16 16c-1.1 0-1.99.9-1.99 2s.89 2 1.99 2 2-.9 2-2-.9-2-2-2"
        />
      </svg>
       
      0
    </a>
  </header>
  <main>
    <h1>
      Home
    </h1>
    <button
      type="button"
    >
      Add to cart
    </button>
  </main>
  <footer
    style="font-size: 10px;"
  >
    <a
      href="https://github.com/jakubkanna/"
    >
      <svg
        aria-hidden="true"
        class="MuiSvgIcon-root MuiSvgIcon-fontSize10 css-821wyw-MuiSvgIcon-root"
        data-testid="GitHubIcon"
        focusable="false"
        viewBox="0 0 24 24"
      >
        <path
          d="M12 1.27a11 11 0 00-3.48 21.46c.55.09.73-.28.73-.55v-1.84c-3.03.64-3.67-1.46-3.67-1.46-.55-1.29-1.28-1.65-1.28-1.65-.92-.65.1-.65.1-.65 1.1 0 1.73 1.1 1.73 1.1.92 1.65 2.57 1.2 3.21.92a2 2 0 01.64-1.47c-2.47-.27-5.04-1.19-5.04-5.5 0-1.1.46-2.1 1.2-2.84a3.76 3.76 0 010-2.93s.91-.28 3.11 1.1c1.8-.49 3.7-.49 5.5 0 2.1-1.38 3.02-1.1 3.02-1.1a3.76 3.76 0 010 2.93c.83.74 1.2 1.74 1.2 2.94 0 4.21-2.57 5.13-5.04 5.4.45.37.82.92.82 2.02v3.03c0 .27.1.64.73.55A11 11 0 0012 1.27"
        />
      </svg>
       
      <span>
        jakubkanna
      </span>
    </a>
  </footer>
</div>
`;
